// Jest Snapshot v1, https://goo.gl/fbAQLP

exports[`DocuAtomFormItem should match snapshot 1`] = `
<div
  class="ant-form-item css-dev-only-do-not-override-1d4w9r2"
>
  <div
    class="ant-row ant-form-item-row css-dev-only-do-not-override-1d4w9r2"
  >
    <div
      class="ant-col ant-form-item-control css-dev-only-do-not-override-1d4w9r2"
    >
      <div
        class="ant-form-item-control-input"
      >
        <div
          class="ant-form-item-control-input-content"
        >
          Content
        </div>
      </div>
    </div>
  </div>
</div>
`;
