// Jest Snapshot v1, https://goo.gl/fbAQLP

exports[`DocuAtomSpace should match snapshot 1`] = `
<div
  class="ant-space css-dev-only-do-not-override-1d4w9r2 ant-space-horizontal ant-space-align-center ant-space-gap-row-small ant-space-gap-col-small"
>
  <div
    class="ant-space-item"
  >
    <div>
      Item
    </div>
  </div>
</div>
`;
