// Jest Snapshot v1, https://jestjs.io/docs/snapshot-testing

exports[`DocuAtomSpace should match snapshot 1`] = `
<div
  class="ant-space css-dev-only-do-not-override-12q6fii ant-space-horizontal ant-space-align-center ant-space-gap-row-small ant-space-gap-col-small css-var-root"
>
  <div
    class="ant-space-item"
  >
    <div>
      Item
    </div>
  </div>
</div>
`;
