// Jest Snapshot v1, https://jestjs.io/docs/snapshot-testing

exports[`DocuAtomAvatar should match snapshot 1`] = `
<span
  class="ant-avatar ant-avatar-circle css-var-root ant-avatar-css-var css-dev-only-do-not-override-12q6fii"
>
  <span
    class="ant-avatar-string"
    style="-webkit-transform: scale(1); transform: scale(1);"
  >
    A
  </span>
</span>
`;
